(executable
   (name      main)
   (modules (:standard \ config))
   (libraries cmdliner fmt functoria-runtime))
