;; auto-generated by 'mirage configure -- remove these comments to
;; preserve the file after a `mirage clean`

(executable
  (name config)
  (modules config)
  (libraries functoria.f0))
