(* Generated by src/config.exe configure -f src/config.ml --time=2019-12-20T16:41:20Z (2019-12-20 16:41:20-00:00). *)

let hello =Functoria_runtime.Key.create
  (Functoria_runtime.Arg.opt Cmdliner.Arg.string "Hello World!" (Cmdliner.Arg.info
   ~docs:"APPLICATION OPTIONS" ?docv:(None) ?doc:(Some "How to say hello.  ")
   ?env:(None) ["hello"]))
let hello_t = Functoria_runtime.Key.term hello
let hello () = Functoria_runtime.Key.get hello

let vote () = "cat"

let warn_error () = false

let runtime_keys = List.combine [hello_t] ["hello"]

