(* Generated by src/config.exe configure -f src/config.ml --time=2019-12-20T16:41:20Z (2019-12-20 16:41:20-00:00). *)

let (>>=) x f = f x
let return x = x
let run x =
x

let _ = Printexc.record_backtrace true

let argv1 = lazy (
  return Sys.argv
  )

let f11 = lazy (
  App.start 
  )

let key1 = lazy (
  let __argv1 = Lazy.force argv1 in
  __argv1 >>= fun _argv1 ->
  return (Functoria_runtime.with_argv (List.map fst Key_gen.runtime_keys) "noop" _argv1)
  )

let f01 = lazy (
  let __key1 = Lazy.force key1 in
  let __f11 = Lazy.force f11 in
  __key1 >>= fun _key1 ->
  __f11 >>= fun _f11 ->
  ()
  )

let () =
  let t =
  Lazy.force key1 >>= fun _ ->
    Lazy.force f01
  in run t

