* Is_file? config.ml -> true
* Is_file? dune -> true
* Run_cmd 'dune exec --root . -- ./config.exe help --dry-run' (ok: out="[...]" err="")
