;; Generated by mirage.%%VERSION%%

(executable
  (name config)
  (flags (:standard -warn-error -A))
  (modules config)
  (libraries mirage))

(rule
  (alias mirage-configure)
  (targets key_gen.ml main.ml)
  (deps config.ml)
  (action
    (run ./config.exe configure)))
