(lang dune 2.0)

(context (default))

(context (default
  (name mirage-hvt)
  (host default)
  (env (_ (c_flags (:include cflags-hvt))))))
