;; Generated by test.1.0~test

(executable
  (name config)
  (flags (:standard -warn-error -A))
  (modules config)
  (libraries f0 functoria))

(rule
  (alias test-configure)
  (targets key_gen.ml main.ml)
  (deps config.ml)
  (action
    (run ./config.exe configure)))

(rule
  (alias test-build)
  (targets vote warn_error)
  (deps config.ml)
  (action
    (run ./config.exe build)))

(executable
   (name      main)
   (modules   (:standard \ config))
   (promote   (until-clean))
   (libraries cmdliner fmt functoria-runtime))
