;; Generated by test.1.0~test

(executable
  (name config)
  (flags (:standard -warn-error -A))
  (modules config)
  (libraries f0 functoria))

(rule
  (alias test-configure)
  (targets key_gen.ml main.ml)
  (deps config.ml)
  (action
    (run ./config.exe configure)))
